Windows PowerShell
Copyright (C) Microsoft Corporation. All rights reserved.

PS C:\Users\carbide1\Desktop\Angular Training\node-server> git init
Reinitialized existing Git repository in C:/Users/carbide1/Desktop/Angular Training/node-server/.git/de-server/.git/                                                                       ://github.com/benjo2021/node-server.git
PS C:\Users\carbide1\Desktop\Angular Training\node-server> git remote add origin https://github.com/benjo2021/node-server.git
PS C:\Users\carbide1\Desktop\Angular Training\node-server> git push -u origin master
error: src refspec master does not match any.
error: failed to push some refs to 'https://github.com/benjo2021/node-server.git'
PS C:\Users\carbide1\Desktop\Angular Training\node-server> git push -u origin master
Enumerating objects: 3, done.
Counting objects: 100% (3/3), done.
Delta compression using up to 4 threads.
Compressing objects: 100% (2/2), done.
Writing objects: 100% (3/3), 363 bytes | 363.00 KiB/s, done.
Total 3 (delta 0), reused 0 (delta 0)
remote:
remote: Create a pull request for 'master' on GitHub by visiting:
remote:      https://github.com/benjo2021/node-server/pull/new/master
remote:
To https://github.com/benjo2021/node-server.git
 * [new branch]      master -> master
Branch 'master' set up to track remote branch 'master' from 'origin'.
PS C:\Users\carbide1\Desktop\Angular Training\node-server>
PS C:\Users\carbide1\Desktop\Angular Training\node-server>
PS C:\Users\carbide1\Desktop\Angular Training\node-server> x
PS C:\Users\carbide1\Desktop\Angular Training\node-server>
PS C:\Users\carbide1\Desktop\Angular Training\node-server>
PS C:\Users\carbide1\Desktop\Angular Training\node-server> npm install express body-parser --savenpm notice created a lockfile as package-lock.json. You should commit this file.
npm WARN node-server@1.0.0 No description
npm WARN node-server@1.0.0 No repository field.

+ body-parser@1.18.3
+ express@4.16.3
added 58 packages from 48 contributors and audited 149 packages in 4.512s
found 0 vulnerabilities

PS C:\Users\carbide1\Desktop\Angular Training\node-server> npm i typescript --save
npm WARN node-server@1.0.0 No description
npm WARN node-server@1.0.0 No repository field.

+ typescript@3.0.3
added 1 package from 1 contributor and audited 150 packages in 92.131s
found 0 vulnerabilities

PS C:\Users\carbide1\Desktop\Angular Training\node-server> node -v
v8.11.3
PS C:\Users\carbide1\Desktop\Angular Training\node-server> tsc --init -y
tsc : The term 'tsc' is not recognized as the name of a cmdlet, function, script file, or operable program. Check the spelling of the name, or if a path was included, verify that the path is correct and try again.
At line:1 char:1
+ tsc --init -y
+ ~~~
    + CategoryInfo          : ObjectNotFound: (tsc:String) [], CommandNotFoundException
    + FullyQualifiedErrorId : CommandNotFoundException

PS C:\Users\carbide1\Desktop\Angular Training\node-server> tsc --init
tsc : The term 'tsc' is not recognized as the name of a cmdlet, function, script file, or operable program. Check the spelling of the name, or if a path was included, verify that the path is correct and try again.
At line:1 char:1
+ tsc --init
+ ~~~
    + CategoryInfo          : ObjectNotFound: (tsc:String) [], CommandNotFoundException
    + FullyQualifiedErrorId : CommandNotFoundException

PS C:\Users\carbide1\Desktop\Angular Training\node-server> npm i typescript@latest
npm WARN node-server@1.0.0 No description
npm WARN node-server@1.0.0 No repository field.

+ typescript@3.0.3
updated 1 package and audited 150 packages in 2.399s
found 0 vulnerabilities

PS C:\Users\carbide1\Desktop\Angular Training\node-server> tsc --init -y
tsc : The term 'tsc' is not recognized as the name of a cmdlet, function, script file, or operable program. Check the spelling of the name, or if a path was included, verify that the path is correct and try again.
At line:1 char:1
+ tsc --init -y
+ ~~~
    + CategoryInfo          : ObjectNotFound: (tsc:String) [], CommandNotFoundException
    + FullyQualifiedErrorId : CommandNotFoundException

PS C:\Users\carbide1\Desktop\Angular Training\node-server> tsc --init
tsc : The term 'tsc' is not recognized as the name of a cmdlet, function, script file, or operable program. Check the spelling of the name, or if a path was included, verify that the path is correct and try again.
At line:1 char:1
+ tsc --init
+ ~~~
    + CategoryInfo          : ObjectNotFound: (tsc:String) [], CommandNotFoundException
    + FullyQualifiedErrorId : CommandNotFoundException

PS C:\Users\carbide1\Desktop\Angular Training\node-server> npm i types/typescript
npm ERR! Error while executing:
npm ERR! C:\Program Files\Git\mingw64\bin\git.EXE ls-remote -h -t ssh://git@github.com/types/typescript.git
npm ERR!
npm ERR! Warning: Permanently added 'github.com,192.30.253.113' (RSA) to the list of known hosts.
npm ERR! ERROR: Repository not found.
npm ERR! fatal: Could not read from remote repository.
npm ERR!
npm ERR! Please make sure you have the correct access rights
npm ERR! and the repository exists.
npm ERR!
npm ERR! exited with error code: 128

npm ERR! A complete log of this run can be found in:
npm ERR!     C:\Users\carbide1\AppData\Roaming\npm-cache\_logs\2018-09-23T02_14_46_755Z-debug.log
PS C:\Users\carbide1\Desktop\Angular Training\node-server> npm i types/typescript
npm ERR! Error while executing:
npm ERR! C:\Program Files\Git\mingw64\bin\git.EXE ls-remote -h -t ssh://git@github.com/types/typescript.git
npm ERR!
npm ERR! Warning: Permanently added the RSA host key for IP address '192.30.253.112' to the list of known hosts.
npm ERR! ERROR: Repository not found.
npm ERR! fatal: Could not read from remote repository.
npm ERR!
npm ERR! Please make sure you have the correct access rights
npm ERR! and the repository exists.
npm ERR!
npm ERR! exited with error code: 128

npm ERR! A complete log of this run can be found in:
npm ERR!     C:\Users\carbide1\AppData\Roaming\npm-cache\_logs\2018-09-23T02_15_14_219Z-debug.log
PS C:\Users\carbide1\Desktop\Angular Training\node-server> npm i @types/typescript
npm WARN deprecated @types/typescript@2.0.0: This is a stub types definition for TypeScript (https://github.com/Microsoft/TypeScript). TypeScript provides its own type definitions, so you don't need @types/typescript installed!
npm WARN node-server@1.0.0 No description
npm WARN node-server@1.0.0 No repository field.

+ @types/typescript@2.0.0
added 1 package and audited 152 packages in 1.976s
found 0 vulnerabilities

PS C:\Users\carbide1\Desktop\Angular Training\node-server> tsc --init
tsc : The term 'tsc' is not recognized as the name of a cmdlet, function, script file, or operable program. Check the spelling of the name, or if a path was included, verify that the path is correct and try again.
At line:1 char:1
+ tsc --init
+ ~~~
    + CategoryInfo          : ObjectNotFound: (tsc:String) [], CommandNotFoundException
    + FullyQualifiedErrorId : CommandNotFoundException

PS C:\Users\carbide1\Desktop\Angular Training\node-server> tsc -init
tsc : The term 'tsc' is not recognized as the name of a cmdlet, function, script file, or operable program. Check the spelling of the name, or if a path was included, verify that the path is correct and try again.
At line:1 char:1
+ tsc -init
+ ~~~
    + CategoryInfo          : ObjectNotFound: (tsc:String) [], CommandNotFoundException
    + FullyQualifiedErrorId : CommandNotFoundException

PS C:\Users\carbide1\Desktop\Angular Training\node-server> npm i -g @types/typescript
npm WARN deprecated @types/typescript@2.0.0: This is a stub types definition for TypeScript (https://github.com/Microsoft/TypeScript). TypeScript provides its own type definitions, so you don't need @types/typescript installed!
+ @types/typescript@2.0.0
added 2 packages from 1 contributor in 0.995s
PS C:\Users\carbide1\Desktop\Angular Training\node-server> tsc -init
tsc : The term 'tsc' is not recognized as the name of a cmdlet, function, script file, or operable program. Check the spelling of the name, or if a path was included, verify that the path is correct and try again.
At line:1 char:1
+ tsc -init
+ ~~~
    + CategoryInfo          : ObjectNotFound: (tsc:String) [], CommandNotFoundException
    + FullyQualifiedErrorId : CommandNotFoundException

PS C:\Users\carbide1\Desktop\Angular Training\node-server> tsc --init
tsc : The term 'tsc' is not recognized as the name of a cmdlet, function, script file, or operable program. Check the spelling of the name, or if a path was included, verify that the path is correct and try again.
At line:1 char:1
+ tsc --init
+ ~~~
    + CategoryInfo          : ObjectNotFound: (tsc:String) [], CommandNotFoundException
    + FullyQualifiedErrorId : CommandNotFoundException

PS C:\Users\carbide1\Desktop\Angular Training\node-server> tsc --init
tsc : The term 'tsc' is not recognized as the name of a cmdlet, function, script file, or operable program. Check the spelling of the name, or if a path was included, verify that the path is correct and try again.
At line:1 char:1
+ tsc --init
+ ~~~
    + CategoryInfo          : ObjectNotFound: (tsc:String) [], CommandNotFoundException
    + FullyQualifiedErrorId : CommandNotFoundException

PS C:\Users\carbide1\Desktop\Angular Training\node-server> npm i typescript@latest --save
npm WARN node-server@1.0.0 No description
npm WARN node-server@1.0.0 No repository field.

+ typescript@3.0.3
updated 1 package and audited 152 packages in 2.529s
found 0 vulnerabilities

PS C:\Users\carbide1\Desktop\Angular Training\node-server> tslint --init
tslint : The term 'tslint' is not recognized as the name of a cmdlet, function, script file, or operable program. Check the spelling of the name, or if a path was included, verify that the path is correct and try again.
At line:1 char:1
+ tslint --init
+ ~~~~~~
    + CategoryInfo          : ObjectNotFound: (tslint:String) [], CommandNotFoundException
    + FullyQualifiedErrorId : CommandNotFoundException

PS C:\Users\carbide1\Desktop\Angular Training\node-server> ^C
╚ : The term '╚' is not recognized as the name of a cmdlet, function, script file, or operable program. Check the spelling of the name, or if a path was included, verify that the path is correct and try again.
At line:1 char:1
+ ╚
+ ~
    + CategoryInfo          : ObjectNotFound: (╚:String) [], CommandNotFoundException
    + FullyQualifiedErrorId : CommandNotFoundException

PS C:\Users\carbide1\Desktop\Angular Training\node-server> npm install tslint@latest --save
npm WARN node-server@1.0.0 No description
npm WARN node-server@1.0.0 No repository field.

+ tslint@5.11.0
added 39 packages from 20 contributors and audited 202 packages in 12.046s
found 0 vulnerabilities

PS C:\Users\carbide1\Desktop\Angular Training\node-server> tslint --init
tslint : The term 'tslint' is not recognized as the name of a cmdlet, function, script file, or operable program. Check the spelling of the name, or if a path was included, verify that the path is correct and try again.
At line:1 char:1
+ tslint --init
+ ~~~~~~
    + CategoryInfo          : ObjectNotFound: (tslint:String) [], CommandNotFoundException
    + FullyQualifiedErrorId : CommandNotFoundException

PS C:\Users\carbide1\Desktop\Angular Training\node-server> npm install -g tslint@latest --save
C:\Users\carbide1\AppData\Roaming\npm\tslint -> C:\Users\carbide1\AppData\Roaming\npm\node_modules\tslint\bin\tslint
npm WARN tslint@5.11.0 requires a peer of typescript@>=2.1.0 || >=2.1.0-dev || >=2.2.0-dev || >=2.3.0-dev || >=2.4.0-dev || >=2.5.0-dev || >=2.6.0-dev || >=2.7.0-dev || >=2.8.0-dev || >=2.9.0-dev but none is installed. You must install peer dependencies yourself.
npm WARN tsutils@2.29.0 requires a peer of typescript@>=2.1.0 || >=2.1.0-dev || >=2.2.0-dev || >=2.3.0-dev || >=2.4.0-dev || >=2.5.0-dev || >=2.6.0-dev || >=2.7.0-dev || >=2.8.0-dev || >=2.9.0-dev || >= 3.0.0-dev || >= 3.1.0-dev but none is installed. You must install peer dependencies yourself.

+ tslint@5.11.0
added 40 packages from 20 contributors in 2.166s
PS C:\Users\carbide1\Desktop\Angular Training\node-server> tslint --init
PS C:\Users\carbide1\Desktop\Angular Training\node-server> tslint -v
5.11.0
PS C:\Users\carbide1\Desktop\Angular Training\node-server> tslint --init
Cannot generate tslint.json: file already exists
PS C:\Users\carbide1\Desktop\Angular Training\node-server> npm i types/express
npm WARN @types/express@4.14.0 requires a peer of @types/node@* but none is installed. You must install peer dependencies yourself.
npm WARN @types/serve-static@1.11.1 requires a peer of @types/node@* but none is installed. You must install peer dependencies yourself.
npm WARN node-server@1.0.0 No description
npm WARN node-server@1.0.0 No repository field.

+ @types/express@4.14.0
added 4 packages from 2 contributors and audited 206 packages in 14.443s
found 0 vulnerabilities

PS C:\Users\carbide1\Desktop\Angular Training\node-server> npm i types/express
npm WARN @types/express@4.14.0 requires a peer of @types/node@* but none is installed. You must install peer dependencies yourself.
npm WARN @types/serve-static@1.11.1 requires a peer of @types/node@* but none is installed. You must install peer dependencies yourself.
npm WARN node-server@1.0.0 No description
npm WARN node-server@1.0.0 No repository field.

+ @types/express@4.14.0
updated 1 package and audited 206 packages in 8.935s
found 0 vulnerabilities

PS C:\Users\carbide1\Desktop\Angular Training\node-server> npm i types/body-parser
npm ERR! Error while executing:
npm ERR! C:\Program Files\Git\mingw64\bin\git.EXE ls-remote -h -t ssh://git@github.com/types/body-parser.git
npm ERR!
npm ERR! ERROR: Repository not found.
npm ERR! fatal: Could not read from remote repository.
npm ERR!
npm ERR! Please make sure you have the correct access rights
npm ERR! and the repository exists.
npm ERR!
npm ERR! exited with error code: 128

npm ERR! A complete log of this run can be found in:
npm ERR!     C:\Users\carbide1\AppData\Roaming\npm-cache\_logs\2018-09-23T03_07_28_870Z-debug.log
PS C:\Users\carbide1\Desktop\Angular Training\node-server> npm i @types/body-parser
npm WARN node-server@1.0.0 No description
npm WARN node-server@1.0.0 No repository field.

+ @types/body-parser@1.17.0
added 3 packages from 37 contributors and audited 210 packages in 2.554s
found 0 vulnerabilities

PS C:\Users\carbide1\Desktop\Angular Training\node-server> npm i @types/body-parser
npm WARN node-server@1.0.0 No description
npm WARN node-server@1.0.0 No repository field.

+ @types/body-parser@1.17.0
updated 1 package and audited 210 packages in 2.452s
found 0 vulnerabilities

PS C:\Users\carbide1\Desktop\Angular Training\node-server> npm i @types/express
npm WARN node-server@1.0.0 No description
npm WARN node-server@1.0.0 No repository field.

+ @types/express@4.14.0
updated 1 package and audited 210 packages in 10.464s
found 0 vulnerabilities

PS C:\Users\carbide1\Desktop\Angular Training\node-server> start

cmdlet Start-Process at command pipeline position 1
Supply values for the following parameters:

Terminate batch job (Y/N)? y
PS C:\Users\carbide1\Desktop\Angular Training\node-server> npm start

> node-server@1.0.0 start C:\Users\carbide1\Desktop\Angular Training\node-server
>  tsc -watch && npm run mongo

Terminate batch job (Y/N)? y
PS C:\Users\carbide1\Desktop\Angular Training\node-server> npm start

> node-server@1.0.0 start C:\Users\carbide1\Desktop\Angular Training\node-server
>  tsc -watch && npm run mongo

Terminate batch job (Y/N)? y
PS C:\Users\carbide1\Desktop\Angular Training\node-server> npm start

> node-server@1.0.0 start C:\Users\carbide1\Desktop\Angular Training\node-server
>  tsc -watch && npm run mongo

Terminate batch job (Y/N)? y
PS C:\Users\carbide1\Desktop\Angular Training\node-server> npm start

> node-server@1.0.0 start C:\Users\carbide1\Desktop\Angular Training\node-server
>  tsc -watch && npm run mongo

Terminate batch job (Y/N)? y
PS C:\Users\carbide1\Desktop\Angular Training\node-server> npm build
PS C:\Users\carbide1\Desktop\Angular Training\node-server> npm start

> node-server@1.0.0 start C:\Users\carbide1\Desktop\Angular Training\node-server
>  tsc -watch && npm run mongo
[13:15:42] Starting compilation in watch mode...

[13:15:44] Found 0 errors. Watching for file changes.

Terminate batch job (Y/N)? y
PS C:\Users\carbide1\Desktop\Angular Training\node-server> npm i concurrently --save-dev
npm WARN node-server@1.0.0 No description
npm WARN node-server@1.0.0 No repository field.

+ concurrently@4.0.1
added 73 packages from 39 contributors and audited 307 packages in 35.79s
found 0 vulnerabilities

PS C:\Users\carbide1\Desktop\Angular Training\node-server> npm i nodemon

> nodemon@1.18.4 postinstall C:\Users\carbide1\Desktop\Angular Training\node-server\node_modules\nodemon
> node bin/postinstall || exit 0

Love nodemon? You can now support the project via the open collective:
 > https://opencollective.com/nodemon/donate

npm WARN node-server@1.0.0 No description
npm WARN node-server@1.0.0 No repository field.
npm WARN optional SKIPPING OPTIONAL DEPENDENCY: fsevents@1.2.4 (node_modules\fsevents):
npm WARN notsup SKIPPING OPTIONAL DEPENDENCY: Unsupported platform for fsevents@1.2.4: wanted {"os":"darwin","arch":"any"} (current: {"os":"win32","arch":"x64"})

+ nodemon@1.18.4
added 199 packages from 133 contributors and audited 2559 packages in 36.544s
found 0 vulnerabilities

PS C:\Users\carbide1\Desktop\Angular Training\node-server> npm i -g nodemon
C:\Users\carbide1\AppData\Roaming\npm\nodemon -> C:\Users\carbide1\AppData\Roaming\npm\node_modules\nodemon\bin\nodemon.js

> nodemon@1.18.4 postinstall C:\Users\carbide1\AppData\Roaming\npm\node_modules\nodemon
> node bin/postinstall || exit 0

npm WARN optional SKIPPING OPTIONAL DEPENDENCY: fsevents@1.2.4 (node_modules\nodemon\node_modules\fsevents):
npm WARN notsup SKIPPING OPTIONAL DEPENDENCY: Unsupported platform for fsevents@1.2.4: wanted {"os":"darwin","arch":"any"} (current: {"os":"win32","arch":"x64"})

+ nodemon@1.18.4
added 233 packages from 136 contributors in 12.409s
PS C:\Users\carbide1\Desktop\Angular Training\node-server> npm i nodemon --save

> nodemon@1.18.4 postinstall C:\Users\carbide1\Desktop\Angular Training\node-server\node_modules\nodemon
> node bin/postinstall || exit 0

npm WARN node-server@1.0.0 No description
npm WARN node-server@1.0.0 No repository field.
npm WARN optional SKIPPING OPTIONAL DEPENDENCY: fsevents@1.2.4 (node_modules\fsevents):
npm WARN notsup SKIPPING OPTIONAL DEPENDENCY: Unsupported platform for fsevents@1.2.4: wanted {"os":"darwin","arch":"any"} (current: {"os":"win32","arch":"x64"})

+ nodemon@1.18.4
updated 1 package and audited 2559 packages in 16.468s
found 0 vulnerabilities

PS C:\Users\carbide1\Desktop\Angular Training\node-server>
PS C:\Users\carbide1\Desktop\Angular Training\node-server>
PS C:\Users\carbide1\Desktop\Angular Training\node-server>